sh: ./test-session: No such file or directory
